dotnet watch 🔥 Hot reload enabled. For a list of supported edits, see https://aka.ms/dotnet/hot-reload.
  💡 Press "Ctrl + R" to restart.
dotnet watch ⌚ Building /Users/vijayanand/Erpnk/src/NkplmErp.Blazor/NkplmErp.Blazor.csproj ...
dotnet watch 🔨 Build succeeded: /Users/vijayanand/Erpnk/src/NkplmErp.Blazor/NkplmErp.Blazor.csproj
Using launch settings from src/NkplmErp.Blazor/Properties/launchSettings.json...
===[ NkplmErp Blazor APP STARTING ]===
DEBUG: Program.cs - Typed HttpClient registrations complete.
fail: Microsoft.Extensions.Hosting.Internal.Host[11]
      Hosting failed to start
      System.IO.IOException: Failed to bind to address http://127.0.0.1:5075: address already in use.
       ---> Microsoft.AspNetCore.Connections.AddressInUseException: Address already in use
       ---> System.Net.Sockets.SocketException (48): Address already in use
         at System.Net.Sockets.Socket.DoBind(EndPoint endPointSnapshot, SocketAddress socketAddress)
         at System.Net.Sockets.Socket.Bind(EndPoint localEP)
         at Microsoft.AspNetCore.Server.Kestrel.Transport.Sockets.SocketTransportOptions.CreateDefaultBoundListenSocket(EndPoint endpoint)
         at Microsoft.AspNetCore.Server.Kestrel.Transport.Sockets.SocketConnectionListener.Bind()
         --- End of inner exception stack trace ---
         at Microsoft.AspNetCore.Server.Kestrel.Transport.Sockets.SocketConnectionListener.Bind()
         at Microsoft.AspNetCore.Server.Kestrel.Transport.Sockets.SocketTransportFactory.BindAsync(EndPoint endpoint, CancellationToken cancellationToken)
         at Microsoft.AspNetCore.Server.Kestrel.Core.Internal.Infrastructure.TransportManager.BindAsync(EndPoint endPoint, ConnectionDelegate connectionDelegate, EndpointConfig endpointConfig, CancellationToken cancellationToken)
         at Microsoft.AspNetCore.Server.Kestrel.Core.KestrelServerImpl.<>c__DisplayClass28_0`1.<<StartAsync>g__OnBind|0>d.MoveNext()
      --- End of stack trace from previous location ---
         at Microsoft.AspNetCore.Server.Kestrel.Core.Internal.AddressBinder.BindEndpointAsync(ListenOptions endpoint, AddressBindContext context, CancellationToken cancellationToken)
         --- End of inner exception stack trace ---
         at Microsoft.AspNetCore.Server.Kestrel.Core.Internal.AddressBinder.BindEndpointAsync(ListenOptions endpoint, AddressBindContext context, CancellationToken cancellationToken)
         at Microsoft.AspNetCore.Server.Kestrel.Core.LocalhostListenOptions.BindAsync(AddressBindContext context, CancellationToken cancellationToken)
         at Microsoft.AspNetCore.Server.Kestrel.Core.Internal.AddressBinder.AddressesStrategy.BindAsync(AddressBindContext context, CancellationToken cancellationToken)
         at Microsoft.AspNetCore.Server.Kestrel.Core.KestrelServerImpl.BindAsync(CancellationToken cancellationToken)
         at Microsoft.AspNetCore.Server.Kestrel.Core.KestrelServerImpl.StartAsync[TContext](IHttpApplication`1 application, CancellationToken cancellationToken)
         at Microsoft.AspNetCore.Hosting.GenericWebHostService.StartAsync(CancellationToken cancellationToken)
         at Microsoft.Extensions.Hosting.Internal.Host.<StartAsync>b__14_1(IHostedService service, CancellationToken token)
         at Microsoft.Extensions.Hosting.Internal.Host.ForeachService[T](IEnumerable`1 services, CancellationToken token, Boolean concurrent, Boolean abortOnFirstException, List`1 exceptions, Func`3 operation)
Unhandled exception. System.IO.IOException: Failed to bind to address http://127.0.0.1:5075: address already in use.
 ---> Microsoft.AspNetCore.Connections.AddressInUseException: Address already in use
 ---> System.Net.Sockets.SocketException (48): Address already in use
   at System.Net.Sockets.Socket.DoBind(EndPoint endPointSnapshot, SocketAddress socketAddress)
   at System.Net.Sockets.Socket.Bind(EndPoint localEP)
   at Microsoft.AspNetCore.Server.Kestrel.Transport.Sockets.SocketTransportOptions.CreateDefaultBoundListenSocket(EndPoint endpoint)
   at Microsoft.AspNetCore.Server.Kestrel.Transport.Sockets.SocketConnectionListener.Bind()
   --- End of inner exception stack trace ---
   at Microsoft.AspNetCore.Server.Kestrel.Transport.Sockets.SocketConnectionListener.Bind()
   at Microsoft.AspNetCore.Server.Kestrel.Transport.Sockets.SocketTransportFactory.BindAsync(EndPoint endpoint, CancellationToken cancellationToken)
   at Microsoft.AspNetCore.Server.Kestrel.Core.Internal.Infrastructure.TransportManager.BindAsync(EndPoint endPoint, ConnectionDelegate connectionDelegate, EndpointConfig endpointConfig, CancellationToken cancellationToken)
   at Microsoft.AspNetCore.Server.Kestrel.Core.KestrelServerImpl.<>c__DisplayClass28_0`1.<<StartAsync>g__OnBind|0>d.MoveNext()
--- End of stack trace from previous location ---
   at Microsoft.AspNetCore.Server.Kestrel.Core.Internal.AddressBinder.BindEndpointAsync(ListenOptions endpoint, AddressBindContext context, CancellationToken cancellationToken)
   --- End of inner exception stack trace ---
   at Microsoft.AspNetCore.Server.Kestrel.Core.Internal.AddressBinder.BindEndpointAsync(ListenOptions endpoint, AddressBindContext context, CancellationToken cancellationToken)
   at Microsoft.AspNetCore.Server.Kestrel.Core.LocalhostListenOptions.BindAsync(AddressBindContext context, CancellationToken cancellationToken)
   at Microsoft.AspNetCore.Server.Kestrel.Core.Internal.AddressBinder.AddressesStrategy.BindAsync(AddressBindContext context, CancellationToken cancellationToken)
   at Microsoft.AspNetCore.Server.Kestrel.Core.KestrelServerImpl.BindAsync(CancellationToken cancellationToken)
   at Microsoft.AspNetCore.Server.Kestrel.Core.KestrelServerImpl.StartAsync[TContext](IHttpApplication`1 application, CancellationToken cancellationToken)
   at Microsoft.AspNetCore.Hosting.GenericWebHostService.StartAsync(CancellationToken cancellationToken)
   at Microsoft.Extensions.Hosting.Internal.Host.<StartAsync>b__14_1(IHostedService service, CancellationToken token)
   at Microsoft.Extensions.Hosting.Internal.Host.ForeachService[T](IEnumerable`1 services, CancellationToken token, Boolean concurrent, Boolean abortOnFirstException, List`1 exceptions, Func`3 operation)
   at Microsoft.Extensions.Hosting.Internal.Host.StartAsync(CancellationToken cancellationToken)
   at Microsoft.Extensions.Hosting.HostingAbstractionsHostExtensions.RunAsync(IHost host, CancellationToken token)
   at Microsoft.Extensions.Hosting.HostingAbstractionsHostExtensions.RunAsync(IHost host, CancellationToken token)
   at Microsoft.Extensions.Hosting.HostingAbstractionsHostExtensions.Run(IHost host)
   at Program.<Main>$(String[] args) in /Users/vijayanand/Erpnk/src/NkplmErp.Blazor/Program.cs:line 97
dotnet watch ❌ [NkplmErp.Blazor (net9.0)] Exited with error code 134
dotnet watch ⏳ Waiting for a file to change before restarting ...
dotnet watch ⌚ Building /Users/vijayanand/Erpnk/src/NkplmErp.Blazor/NkplmErp.Blazor.csproj ...
dotnet watch 🔨 Build succeeded: /Users/vijayanand/Erpnk/src/NkplmErp.Blazor/NkplmErp.Blazor.csproj
dotnet watch ⌚ /Users/vijayanand/Erpnk/src/NkplmErp.Blazor/Services/Auth/CustomAuthStateProvider.cs(15,40): warning CS0169: The field 'CustomAuthStateProvider._cachedStateTask' is never used [/Users/vijayanand/Erpnk/src/NkplmErp.Blazor/NkplmErp.Blazor.csproj]
Using launch settings from src/NkplmErp.Blazor/Properties/launchSettings.json...
===[ NkplmErp Blazor APP STARTING ]===
DEBUG: Program.cs - Typed HttpClient registrations complete.
fail: Microsoft.Extensions.Hosting.Internal.Host[11]
      Hosting failed to start
      System.IO.IOException: Failed to bind to address http://127.0.0.1:5075: address already in use.
       ---> Microsoft.AspNetCore.Connections.AddressInUseException: Address already in use
       ---> System.Net.Sockets.SocketException (48): Address already in use
         at System.Net.Sockets.Socket.DoBind(EndPoint endPointSnapshot, SocketAddress socketAddress)
         at System.Net.Sockets.Socket.Bind(EndPoint localEP)
         at Microsoft.AspNetCore.Server.Kestrel.Transport.Sockets.SocketTransportOptions.CreateDefaultBoundListenSocket(EndPoint endpoint)
         at Microsoft.AspNetCore.Server.Kestrel.Transport.Sockets.SocketConnectionListener.Bind()
         --- End of inner exception stack trace ---
         at Microsoft.AspNetCore.Server.Kestrel.Transport.Sockets.SocketConnectionListener.Bind()
         at Microsoft.AspNetCore.Server.Kestrel.Transport.Sockets.SocketTransportFactory.BindAsync(EndPoint endpoint, CancellationToken cancellationToken)
         at Microsoft.AspNetCore.Server.Kestrel.Core.Internal.Infrastructure.TransportManager.BindAsync(EndPoint endPoint, ConnectionDelegate connectionDelegate, EndpointConfig endpointConfig, CancellationToken cancellationToken)
         at Microsoft.AspNetCore.Server.Kestrel.Core.KestrelServerImpl.<>c__DisplayClass28_0`1.<<StartAsync>g__OnBind|0>d.MoveNext()
      --- End of stack trace from previous location ---
         at Microsoft.AspNetCore.Server.Kestrel.Core.Internal.AddressBinder.BindEndpointAsync(ListenOptions endpoint, AddressBindContext context, CancellationToken cancellationToken)
         --- End of inner exception stack trace ---
         at Microsoft.AspNetCore.Server.Kestrel.Core.Internal.AddressBinder.BindEndpointAsync(ListenOptions endpoint, AddressBindContext context, CancellationToken cancellationToken)
         at Microsoft.AspNetCore.Server.Kestrel.Core.LocalhostListenOptions.BindAsync(AddressBindContext context, CancellationToken cancellationToken)
         at Microsoft.AspNetCore.Server.Kestrel.Core.Internal.AddressBinder.AddressesStrategy.BindAsync(AddressBindContext context, CancellationToken cancellationToken)
         at Microsoft.AspNetCore.Server.Kestrel.Core.KestrelServerImpl.BindAsync(CancellationToken cancellationToken)
         at Microsoft.AspNetCore.Server.Kestrel.Core.KestrelServerImpl.StartAsync[TContext](IHttpApplication`1 application, CancellationToken cancellationToken)
         at Microsoft.AspNetCore.Hosting.GenericWebHostService.StartAsync(CancellationToken cancellationToken)
         at Microsoft.Extensions.Hosting.Internal.Host.<StartAsync>b__14_1(IHostedService service, CancellationToken token)
         at Microsoft.Extensions.Hosting.Internal.Host.ForeachService[T](IEnumerable`1 services, CancellationToken token, Boolean concurrent, Boolean abortOnFirstException, List`1 exceptions, Func`3 operation)
Unhandled exception. System.IO.IOException: Failed to bind to address http://127.0.0.1:5075: address already in use.
 ---> Microsoft.AspNetCore.Connections.AddressInUseException: Address already in use
 ---> System.Net.Sockets.SocketException (48): Address already in use
   at System.Net.Sockets.Socket.DoBind(EndPoint endPointSnapshot, SocketAddress socketAddress)
   at System.Net.Sockets.Socket.Bind(EndPoint localEP)
   at Microsoft.AspNetCore.Server.Kestrel.Transport.Sockets.SocketTransportOptions.CreateDefaultBoundListenSocket(EndPoint endpoint)
   at Microsoft.AspNetCore.Server.Kestrel.Transport.Sockets.SocketConnectionListener.Bind()
   --- End of inner exception stack trace ---
   at Microsoft.AspNetCore.Server.Kestrel.Transport.Sockets.SocketConnectionListener.Bind()
   at Microsoft.AspNetCore.Server.Kestrel.Transport.Sockets.SocketTransportFactory.BindAsync(EndPoint endpoint, CancellationToken cancellationToken)
   at Microsoft.AspNetCore.Server.Kestrel.Core.Internal.Infrastructure.TransportManager.BindAsync(EndPoint endPoint, ConnectionDelegate connectionDelegate, EndpointConfig endpointConfig, CancellationToken cancellationToken)
   at Microsoft.AspNetCore.Server.Kestrel.Core.KestrelServerImpl.<>c__DisplayClass28_0`1.<<StartAsync>g__OnBind|0>d.MoveNext()
--- End of stack trace from previous location ---
   at Microsoft.AspNetCore.Server.Kestrel.Core.Internal.AddressBinder.BindEndpointAsync(ListenOptions endpoint, AddressBindContext context, CancellationToken cancellationToken)
   --- End of inner exception stack trace ---
   at Microsoft.AspNetCore.Server.Kestrel.Core.Internal.AddressBinder.BindEndpointAsync(ListenOptions endpoint, AddressBindContext context, CancellationToken cancellationToken)
   at Microsoft.AspNetCore.Server.Kestrel.Core.LocalhostListenOptions.BindAsync(AddressBindContext context, CancellationToken cancellationToken)
   at Microsoft.AspNetCore.Server.Kestrel.Core.Internal.AddressBinder.AddressesStrategy.BindAsync(AddressBindContext context, CancellationToken cancellationToken)
   at Microsoft.AspNetCore.Server.Kestrel.Core.KestrelServerImpl.BindAsync(CancellationToken cancellationToken)
   at Microsoft.AspNetCore.Server.Kestrel.Core.KestrelServerImpl.StartAsync[TContext](IHttpApplication`1 application, CancellationToken cancellationToken)
   at Microsoft.AspNetCore.Hosting.GenericWebHostService.StartAsync(CancellationToken cancellationToken)
   at Microsoft.Extensions.Hosting.Internal.Host.<StartAsync>b__14_1(IHostedService service, CancellationToken token)
   at Microsoft.Extensions.Hosting.Internal.Host.ForeachService[T](IEnumerable`1 services, CancellationToken token, Boolean concurrent, Boolean abortOnFirstException, List`1 exceptions, Func`3 operation)
   at Microsoft.Extensions.Hosting.Internal.Host.StartAsync(CancellationToken cancellationToken)
   at Microsoft.Extensions.Hosting.HostingAbstractionsHostExtensions.RunAsync(IHost host, CancellationToken token)
   at Microsoft.Extensions.Hosting.HostingAbstractionsHostExtensions.RunAsync(IHost host, CancellationToken token)
   at Microsoft.Extensions.Hosting.HostingAbstractionsHostExtensions.Run(IHost host)
   at Program.<Main>$(String[] args) in /Users/vijayanand/Erpnk/src/NkplmErp.Blazor/Program.cs:line 97
dotnet watch ❌ [NkplmErp.Blazor (net9.0)] Exited with error code 134
dotnet watch ⏳ Waiting for a file to change before restarting ...
dotnet watch ⌚ Building /Users/vijayanand/Erpnk/src/NkplmErp.Blazor/NkplmErp.Blazor.csproj ...
dotnet watch 🔨 Build failed: /Users/vijayanand/Erpnk/src/NkplmErp.Blazor/NkplmErp.Blazor.csproj
dotnet watch 🔨   Determining projects to restore...
dotnet watch 🔨   All projects are up-to-date for restore.
dotnet watch 🔨   Building Tailwind CSS...
dotnet watch 🔨   
dotnet watch 🔨   > nkplm-erp-blazor@1.0.0 build:css
dotnet watch 🔨   > tailwindcss -i ./wwwroot/css/tailwind.input.css -o ./wwwroot/css/tailwind.output.css --minify
dotnet watch 🔨   
dotnet watch 🔨   Browserslist: caniuse-lite is outdated. Please run:
dotnet watch 🔨     npx update-browserslist-db@latest
dotnet watch 🔨     Why you should do it regularly: https://github.com/browserslist/update-db#readme
dotnet watch 🔨   
dotnet watch 🔨   Rebuilding...
dotnet watch 🔨   
dotnet watch 🔨   Done in 2973ms.
dotnet watch 🔨   NkplmErp.Domain -> /Users/vijayanand/Erpnk/src/NkplmErp.Domain/bin/Debug/net9.0/NkplmErp.Domain.dll
dotnet watch 🔨   NkplmErp.Shared -> /Users/vijayanand/Erpnk/src/NkplmErp.Shared/bin/Debug/net9.0/NkplmErp.Shared.dll
dotnet watch 🔨   NkplmErp.Application -> /Users/vijayanand/Erpnk/src/NkplmErp.Application/bin/Debug/net9.0/NkplmErp.Application.dll
dotnet watch 🔨   NkplmErp.Infrastructure -> /Users/vijayanand/Erpnk/src/NkplmErp.Infrastructure/bin/Debug/net9.0/NkplmErp.Infrastructure.dll
dotnet watch 🔨   NkplmErp.Security -> /Users/vijayanand/Erpnk/src/NkplmErp.Security/bin/Debug/net9.0/NkplmErp.Security.dll
dotnet watch ⌚ /Users/vijayanand/Erpnk/src/NkplmErp.Blazor/Services/Auth/CustomAuthStateProvider.cs(15,40): warning CS0169: The field 'CustomAuthStateProvider._cachedStateTask' is never used [/Users/vijayanand/Erpnk/src/NkplmErp.Blazor/NkplmErp.Blazor.csproj]
dotnet watch ❌ /usr/local/share/dotnet/sdk/9.0.305/Sdks/Microsoft.NET.Sdk/targets/Microsoft.NET.Sdk.targets(835,5): error NETSDK1177: Failed to sign apphost with error code 1: /Users/vijayanand/Erpnk/src/NkplmErp.Blazor/obj/Debug/net9.0/apphost: is already signed [/Users/vijayanand/Erpnk/src/NkplmErp.Blazor/NkplmErp.Blazor.csproj]
dotnet watch ❌ /usr/local/share/dotnet/sdk/9.0.305/Sdks/Microsoft.NET.Sdk/targets/Microsoft.NET.Sdk.targets(835,5): error NETSDK1177: ; Exit code: 1 [/Users/vijayanand/Erpnk/src/NkplmErp.Blazor/NkplmErp.Blazor.csproj]
dotnet watch ⏳ Waiting for a file to change before restarting ...
dotnet(10636) MallocStackLogging: can't turn off malloc stack logging because it was not enabled.
dotnet watch ⌚ Building /Users/vijayanand/Erpnk/src/NkplmErp.Blazor/NkplmErp.Blazor.csproj ...
dotnet(11451) MallocStackLogging: can't turn off malloc stack logging because it was not enabled.
dotnet watch 🔨 Build succeeded: /Users/vijayanand/Erpnk/src/NkplmErp.Blazor/NkplmErp.Blazor.csproj
dotnet watch ❌ dotnet(12849) MallocStackLogging: can't turn off malloc stack logging because it was not enabled.
dotnet watch ❌ dotnet(12859) MallocStackLogging: can't turn off malloc stack logging because it was not enabled.
dotnet watch ⌚ /Users/vijayanand/Erpnk/src/NkplmErp.Blazor/Services/Auth/CustomAuthStateProvider.cs(15,40): warning CS0169: The field 'CustomAuthStateProvider._cachedStateTask' is never used [/Users/vijayanand/Erpnk/src/NkplmErp.Blazor/NkplmErp.Blazor.csproj]
dotnet(15420) MallocStackLogging: can't turn off malloc stack logging because it was not enabled.
Using launch settings from src/NkplmErp.Blazor/Properties/launchSettings.json...
===[ NkplmErp Blazor APP STARTING ]===
DEBUG: Program.cs - Typed HttpClient registrations complete.
dotnet(15618) MallocStackLogging: can't turn off malloc stack logging because it was not enabled.
fail: Microsoft.Extensions.Hosting.Internal.Host[11]
      Hosting failed to start
      System.IO.IOException: Failed to bind to address http://127.0.0.1:5075: address already in use.
       ---> Microsoft.AspNetCore.Connections.AddressInUseException: Address already in use
       ---> System.Net.Sockets.SocketException (48): Address already in use
         at System.Net.Sockets.Socket.DoBind(EndPoint endPointSnapshot, SocketAddress socketAddress)
         at System.Net.Sockets.Socket.Bind(EndPoint localEP)
         at Microsoft.AspNetCore.Server.Kestrel.Transport.Sockets.SocketTransportOptions.CreateDefaultBoundListenSocket(EndPoint endpoint)
         at Microsoft.AspNetCore.Server.Kestrel.Transport.Sockets.SocketConnectionListener.Bind()
         --- End of inner exception stack trace ---
         at Microsoft.AspNetCore.Server.Kestrel.Transport.Sockets.SocketConnectionListener.Bind()
         at Microsoft.AspNetCore.Server.Kestrel.Transport.Sockets.SocketTransportFactory.BindAsync(EndPoint endpoint, CancellationToken cancellationToken)
         at Microsoft.AspNetCore.Server.Kestrel.Core.Internal.Infrastructure.TransportManager.BindAsync(EndPoint endPoint, ConnectionDelegate connectionDelegate, EndpointConfig endpointConfig, CancellationToken cancellationToken)
         at Microsoft.AspNetCore.Server.Kestrel.Core.KestrelServerImpl.<>c__DisplayClass28_0`1.<<StartAsync>g__OnBind|0>d.MoveNext()
      --- End of stack trace from previous location ---
         at Microsoft.AspNetCore.Server.Kestrel.Core.Internal.AddressBinder.BindEndpointAsync(ListenOptions endpoint, AddressBindContext context, CancellationToken cancellationToken)
         --- End of inner exception stack trace ---
         at Microsoft.AspNetCore.Server.Kestrel.Core.Internal.AddressBinder.BindEndpointAsync(ListenOptions endpoint, AddressBindContext context, CancellationToken cancellationToken)
         at Microsoft.AspNetCore.Server.Kestrel.Core.LocalhostListenOptions.BindAsync(AddressBindContext context, CancellationToken cancellationToken)
         at Microsoft.AspNetCore.Server.Kestrel.Core.Internal.AddressBinder.AddressesStrategy.BindAsync(AddressBindContext context, CancellationToken cancellationToken)
         at Microsoft.AspNetCore.Server.Kestrel.Core.KestrelServerImpl.BindAsync(CancellationToken cancellationToken)
         at Microsoft.AspNetCore.Server.Kestrel.Core.KestrelServerImpl.StartAsync[TContext](IHttpApplication`1 application, CancellationToken cancellationToken)
         at Microsoft.AspNetCore.Hosting.GenericWebHostService.StartAsync(CancellationToken cancellationToken)
         at Microsoft.Extensions.Hosting.Internal.Host.<StartAsync>b__14_1(IHostedService service, CancellationToken token)
         at Microsoft.Extensions.Hosting.Internal.Host.ForeachService[T](IEnumerable`1 services, CancellationToken token, Boolean concurrent, Boolean abortOnFirstException, List`1 exceptions, Func`3 operation)
Unhandled exception. System.IO.IOException: Failed to bind to address http://127.0.0.1:5075: address already in use.
 ---> Microsoft.AspNetCore.Connections.AddressInUseException: Address already in use
 ---> System.Net.Sockets.SocketException (48): Address already in use
   at System.Net.Sockets.Socket.DoBind(EndPoint endPointSnapshot, SocketAddress socketAddress)
   at System.Net.Sockets.Socket.Bind(EndPoint localEP)
   at Microsoft.AspNetCore.Server.Kestrel.Transport.Sockets.SocketTransportOptions.CreateDefaultBoundListenSocket(EndPoint endpoint)
   at Microsoft.AspNetCore.Server.Kestrel.Transport.Sockets.SocketConnectionListener.Bind()
   --- End of inner exception stack trace ---
   at Microsoft.AspNetCore.Server.Kestrel.Transport.Sockets.SocketConnectionListener.Bind()
   at Microsoft.AspNetCore.Server.Kestrel.Transport.Sockets.SocketTransportFactory.BindAsync(EndPoint endpoint, CancellationToken cancellationToken)
   at Microsoft.AspNetCore.Server.Kestrel.Core.Internal.Infrastructure.TransportManager.BindAsync(EndPoint endPoint, ConnectionDelegate connectionDelegate, EndpointConfig endpointConfig, CancellationToken cancellationToken)
   at Microsoft.AspNetCore.Server.Kestrel.Core.KestrelServerImpl.<>c__DisplayClass28_0`1.<<StartAsync>g__OnBind|0>d.MoveNext()
--- End of stack trace from previous location ---
   at Microsoft.AspNetCore.Server.Kestrel.Core.Internal.AddressBinder.BindEndpointAsync(ListenOptions endpoint, AddressBindContext context, CancellationToken cancellationToken)
   --- End of inner exception stack trace ---
   at Microsoft.AspNetCore.Server.Kestrel.Core.Internal.AddressBinder.BindEndpointAsync(ListenOptions endpoint, AddressBindContext context, CancellationToken cancellationToken)
   at Microsoft.AspNetCore.Server.Kestrel.Core.LocalhostListenOptions.BindAsync(AddressBindContext context, CancellationToken cancellationToken)
   at Microsoft.AspNetCore.Server.Kestrel.Core.Internal.AddressBinder.AddressesStrategy.BindAsync(AddressBindContext context, CancellationToken cancellationToken)
   at Microsoft.AspNetCore.Server.Kestrel.Core.KestrelServerImpl.BindAsync(CancellationToken cancellationToken)
   at Microsoft.AspNetCore.Server.Kestrel.Core.KestrelServerImpl.StartAsync[TContext](IHttpApplication`1 application, CancellationToken cancellationToken)
   at Microsoft.AspNetCore.Hosting.GenericWebHostService.StartAsync(CancellationToken cancellationToken)
   at Microsoft.Extensions.Hosting.Internal.Host.<StartAsync>b__14_1(IHostedService service, CancellationToken token)
   at Microsoft.Extensions.Hosting.Internal.Host.ForeachService[T](IEnumerable`1 services, CancellationToken token, Boolean concurrent, Boolean abortOnFirstException, List`1 exceptions, Func`3 operation)
   at Microsoft.Extensions.Hosting.Internal.Host.StartAsync(CancellationToken cancellationToken)
   at Microsoft.Extensions.Hosting.HostingAbstractionsHostExtensions.RunAsync(IHost host, CancellationToken token)
   at Microsoft.Extensions.Hosting.HostingAbstractionsHostExtensions.RunAsync(IHost host, CancellationToken token)
   at Microsoft.Extensions.Hosting.HostingAbstractionsHostExtensions.Run(IHost host)
   at Program.<Main>$(String[] args) in /Users/vijayanand/Erpnk/src/NkplmErp.Blazor/Program.cs:line 98
dotnet watch ❌ [NkplmErp.Blazor (net9.0)] Exited with error code 134
dotnet watch ⏳ Waiting for a file to change before restarting ...
dotnet(22529) MallocStackLogging: can't turn off malloc stack logging because it was not enabled.
dotnet watch ⌚ Building /Users/vijayanand/Erpnk/src/NkplmErp.Blazor/NkplmErp.Blazor.csproj ...
dotnet(23573) MallocStackLogging: can't turn off malloc stack logging because it was not enabled.
dotnet watch 🔨 Build failed: /Users/vijayanand/Erpnk/src/NkplmErp.Blazor/NkplmErp.Blazor.csproj
dotnet watch 🔨   Determining projects to restore...
dotnet watch ❌ dotnet(23834) MallocStackLogging: can't turn off malloc stack logging because it was not enabled.
dotnet watch ❌ dotnet(23837) MallocStackLogging: can't turn off malloc stack logging because it was not enabled.
dotnet watch 🔨   All projects are up-to-date for restore.
dotnet watch 🔨   Building Tailwind CSS...
dotnet watch 🔨   
dotnet watch 🔨   > nkplm-erp-blazor@1.0.0 build:css
dotnet watch 🔨   > tailwindcss -i ./wwwroot/css/tailwind.input.css -o ./wwwroot/css/tailwind.output.css --minify
dotnet watch 🔨   
dotnet watch 🔨   Browserslist: caniuse-lite is outdated. Please run:
dotnet watch 🔨     npx update-browserslist-db@latest
dotnet watch 🔨     Why you should do it regularly: https://github.com/browserslist/update-db#readme
dotnet watch 🔨   
dotnet watch 🔨   Rebuilding...
dotnet watch 🔨   
dotnet watch 🔨   Done in 3225ms.
dotnet watch ❌ dotnet(24091) MallocStackLogging: can't turn off malloc stack logging because it was not enabled.
dotnet watch ❌ dotnet(24113) MallocStackLogging: can't turn off malloc stack logging because it was not enabled.
dotnet watch 🔨   NkplmErp.Shared -> /Users/vijayanand/Erpnk/src/NkplmErp.Shared/bin/Debug/net9.0/NkplmErp.Shared.dll
dotnet watch 🔨   NkplmErp.Domain -> /Users/vijayanand/Erpnk/src/NkplmErp.Domain/bin/Debug/net9.0/NkplmErp.Domain.dll
dotnet watch 🔨   NkplmErp.Application -> /Users/vijayanand/Erpnk/src/NkplmErp.Application/bin/Debug/net9.0/NkplmErp.Application.dll
dotnet watch 🔨   NkplmErp.Infrastructure -> /Users/vijayanand/Erpnk/src/NkplmErp.Infrastructure/bin/Debug/net9.0/NkplmErp.Infrastructure.dll
dotnet watch 🔨   NkplmErp.Security -> /Users/vijayanand/Erpnk/src/NkplmErp.Security/bin/Debug/net9.0/NkplmErp.Security.dll
dotnet watch ⌚ /Users/vijayanand/Erpnk/src/NkplmErp.Blazor/Services/Auth/CustomAuthStateProvider.cs(15,40): warning CS0169: The field 'CustomAuthStateProvider._cachedStateTask' is never used [/Users/vijayanand/Erpnk/src/NkplmErp.Blazor/NkplmErp.Blazor.csproj]
dotnet watch ❌ /usr/local/share/dotnet/sdk/9.0.305/Sdks/Microsoft.NET.Sdk/targets/Microsoft.NET.Sdk.targets(835,5): error NETSDK1177: Failed to sign apphost with error code 1: /Users/vijayanand/Erpnk/src/NkplmErp.Blazor/obj/Debug/net9.0/apphost: No such file or directory [/Users/vijayanand/Erpnk/src/NkplmErp.Blazor/NkplmErp.Blazor.csproj]
dotnet watch ❌ /usr/local/share/dotnet/sdk/9.0.305/Sdks/Microsoft.NET.Sdk/targets/Microsoft.NET.Sdk.targets(835,5): error NETSDK1177: ; Exit code: 1 [/Users/vijayanand/Erpnk/src/NkplmErp.Blazor/NkplmErp.Blazor.csproj]
dotnet watch ⏳ Waiting for a file to change before restarting ...
dotnet(32774) MallocStackLogging: can't turn off malloc stack logging because it was not enabled.
